2026-06-29 18:12:13,058 [INFO] 시스템 초기화 완료 (초기 모드: AUTO)
2026-06-29 18:12:30,140 [INFO] EtherCAT 마스터 연결 시도 중...
2026-06-29 18:12:35,144 [INFO] EtherCAT 마스터 연결 성공 (Connect OK)
2026-06-29 18:12:35,145 [DEBUG] EtherCAT 데이터 리드 타이머 시작 (주기: 300ms)
2026-06-29 18:12:35,148 [INFO] 장비 초기화 세팅: 모든 챔버 도어 CLOSE 명령 출력
2026-06-29 18:12:35,149 [INFO] 타워램프 상태 변경: 황색등(Yellow) ON (장비 대기)
2026-06-29 18:14:02,894 [INFO] EtherCAT 마스터 연결 해제 시도 중...
2026-06-29 18:14:02,895 [INFO] EtherCAT 마스터 연결 해제 완료 (Disconnect)
2026-06-29 18:14:09,801 [INFO] EtherCAT 마스터 연결 시도 중...
2026-06-29 18:14:14,801 [INFO] EtherCAT 마스터 연결 성공 (Connect OK)
2026-06-29 18:14:14,802 [DEBUG] EtherCAT 데이터 리드 타이머 시작 (주기: 300ms)
2026-06-29 18:14:14,804 [INFO] 장비 초기화 세팅: 모든 챔버 도어 CLOSE 명령 출력
2026-06-29 18:14:14,805 [INFO] 타워램프 상태 변경: 황색등(Yellow) ON (장비 대기)
2026-06-29 18:14:18,226 [INFO] 설비 구동 모드 변경 요청: AUTO ?? MANUAL
2026-06-29 18:14:18,228 [INFO] 모드 변경에 따른 전 공정 인터록(Force Stop) 가동
2026-06-29 18:14:18,230 [DEBUG] 인터록 완료: 모든 공정 인터록 및 GUI 상태 리셋 완료
2026-06-29 18:14:19,713 [INFO] 구동 모드 변경 완료: MANUAL 모드가 활성화되었습니다.
2026-06-29 18:14:20,457 [INFO] 설비 구동 모드 변경 요청: MANUAL ?? AUTO
2026-06-29 18:14:20,457 [INFO] 모드 변경에 따른 전 공정 인터록(Force Stop) 가동
2026-06-29 18:14:20,460 [DEBUG] 인터록 완료: 모든 공정 인터록 및 GUI 상태 리셋 완료
2026-06-29 18:14:21,694 [INFO] 구동 모드 변경 완료: AUTO 모드가 활성화되었습니다.
2026-06-29 18:14:23,567 [INFO] EtherCAT 마스터 연결 해제 시도 중...
2026-06-29 18:14:23,568 [INFO] EtherCAT 마스터 연결 해제 완료 (Disconnect)
2026-06-29 18:14:25,313 [INFO] EtherCAT 마스터 연결 시도 중...
2026-06-29 18:14:30,314 [INFO] EtherCAT 마스터 연결 성공 (Connect OK)
2026-06-29 18:14:30,315 [DEBUG] EtherCAT 데이터 리드 타이머 시작 (주기: 300ms)
2026-06-29 18:14:30,317 [INFO] 장비 초기화 세팅: 모든 챔버 도어 CLOSE 명령 출력
2026-06-29 18:14:30,317 [INFO] 타워램프 상태 변경: 황색등(Yellow) ON (장비 대기)
2026-06-29 18:14:32,909 [INFO] 설비 구동 모드 변경 요청: AUTO ?? MANUAL
2026-06-29 18:14:32,909 [INFO] 모드 변경에 따른 전 공정 인터록(Force Stop) 가동
2026-06-29 18:14:32,911 [DEBUG] 인터록 완료: 모든 공정 인터록 및 GUI 상태 리셋 완료
2026-06-29 18:14:34,350 [INFO] 구동 모드 변경 완료: MANUAL 모드가 활성화되었습니다.
2026-06-29 18:14:35,297 [INFO] 설비 구동 모드 변경 요청: MANUAL ?? AUTO
2026-06-29 18:14:35,297 [INFO] 모드 변경에 따른 전 공정 인터록(Force Stop) 가동
2026-06-29 18:14:35,299 [DEBUG] 인터록 완료: 모든 공정 인터록 및 GUI 상태 리셋 완료
2026-06-29 18:14:36,196 [INFO] 구동 모드 변경 완료: AUTO 모드가 활성화되었습니다.
2026-06-29 18:15:03,767 [ERROR] 설비 알람 발생: 하부 배기 Fan RPM 저하 (Abnormal Stop 조치 요망)
2026-06-29 18:15:06,205 [WARN] 인터록 경고: Chamber A 도어 Open 상태에서 가스 공급 명령 차단
2026-06-29 18:15:09,769 [INFO] EtherCAT 마스터 연결 해제 시도 중...
2026-06-29 18:15:09,769 [INFO] EtherCAT 마스터 연결 해제 완료 (Disconnect)
2026-06-29 18:15:40,798 [INFO] Application 중단 감지: 안전 시퀀스(Abnormal Stop) 가동
2026-06-29 18:15:40,799 [INFO] 안전 셧다운 완료: 모든 램프 소등 및 도어 폐쇄 완료
2026-06-29 18:15:40,799 [INFO] EtherCAT 마스터 통신 채널 정상 해제 완료
