2026-07-01 09:07:17,449 [INFO] EtherCAT 마스터 연결 시도 중...
2026-07-01 09:07:22,462 [INFO] EtherCAT 마스터 연결 성공 (Connect OK)
2026-07-01 09:07:22,463 [DEBUG] EtherCAT 데이터 리드 타이머 시작 (주기: 300ms)
2026-07-01 09:07:22,465 [INFO] 장비 초기화 세팅: 모든 챔버 도어 CLOSE 명령 출력
2026-07-01 09:07:22,465 [INFO] 타워램프 상태 변경: 황색등(Yellow) ON (장비 대기)
2026-07-01 09:07:23,598 [INFO] 시스템 초기화 완료 (초기 모드: AUTO)
2026-07-01 09:07:30,183 [INFO] Application 중단 감지: 안전 시퀀스(Abnormal Stop) 가동
2026-07-01 09:07:30,188 [INFO] 안전 셧다운 완료: 모든 램프 소등 및 도어 폐쇄 완료
2026-07-01 09:07:30,625 [INFO] 안전 셧다운 완료: 로봇 초기 위치 설정 및 서보 모터 종료
2026-07-01 09:07:30,626 [INFO] EtherCAT 마스터 통신 채널 정상 해제 완료
2026-07-01 09:50:44,007 [INFO] EtherCAT 마스터 연결 시도 중...
2026-07-01 09:50:49,019 [INFO] EtherCAT 마스터 연결 성공 (Connect OK)
2026-07-01 09:50:49,020 [DEBUG] EtherCAT 데이터 리드 타이머 시작 (주기: 300ms)
2026-07-01 09:50:49,022 [INFO] 장비 초기화 세팅: 모든 챔버 도어 CLOSE 명령 출력
2026-07-01 09:50:49,022 [INFO] 타워램프 상태 변경: 황색등(Yellow) ON (장비 대기)
2026-07-01 09:50:50,132 [INFO] 시스템 초기화 완료 (초기 모드: AUTO)
2026-07-01 09:50:53,687 [INFO] Application 중단 감지: 안전 시퀀스(Abnormal Stop) 가동
2026-07-01 09:50:53,692 [INFO] 안전 셧다운 완료: 모든 램프 소등 및 도어 폐쇄 완료
2026-07-01 09:50:54,130 [INFO] 안전 셧다운 완료: 로봇 초기 위치 설정 및 서보 모터 종료
2026-07-01 09:50:54,135 [INFO] EtherCAT 마스터 통신 채널 정상 해제 완료
2026-07-01 09:51:14,428 [INFO] EtherCAT 마스터 연결 시도 중...
2026-07-01 09:51:15,885 [INFO] EtherCAT 마스터 연결 성공 (Connect OK)
2026-07-01 09:51:15,886 [DEBUG] EtherCAT 데이터 리드 타이머 시작 (주기: 300ms)
2026-07-01 09:51:15,888 [INFO] 장비 초기화 세팅: 모든 챔버 도어 CLOSE 명령 출력
2026-07-01 09:51:15,888 [INFO] 타워램프 상태 변경: 황색등(Yellow) ON (장비 대기)
2026-07-01 09:51:17,000 [INFO] 시스템 초기화 완료 (초기 모드: AUTO)
2026-07-01 09:51:53,899 [INFO] Setting 화면: 축(Axis 1, 2) 파라미터 설정 업데이트 완료
2026-07-01 09:52:17,229 [INFO] Application 중단 감지: 안전 시퀀스(Abnormal Stop) 가동
2026-07-01 09:52:17,235 [INFO] 안전 셧다운 완료: 모든 램프 소등 및 도어 폐쇄 완료
2026-07-01 09:52:17,670 [INFO] 안전 셧다운 완료: 로봇 초기 위치 설정 및 서보 모터 종료
2026-07-01 09:52:17,674 [INFO] EtherCAT 마스터 통신 채널 정상 해제 완료
2026-07-01 09:58:24,589 [INFO] EtherCAT 마스터 연결 시도 중...
2026-07-01 09:58:25,990 [INFO] EtherCAT 마스터 연결 성공 (Connect OK)
2026-07-01 09:58:25,991 [DEBUG] EtherCAT 데이터 리드 타이머 시작 (주기: 300ms)
2026-07-01 09:58:25,993 [INFO] 장비 초기화 세팅: 모든 챔버 도어 CLOSE 명령 출력
2026-07-01 09:58:25,993 [INFO] 타워램프 상태 변경: 황색등(Yellow) ON (장비 대기)
2026-07-01 09:58:27,100 [INFO] 시스템 초기화 완료 (초기 모드: AUTO)
2026-07-01 09:58:32,963 [INFO] 설비 구동 모드 변경 요청: AUTO ?? MANUAL
2026-07-01 09:58:32,964 [INFO] 모드 변경에 따른 전 공정 인터록(Force Stop) 가동
2026-07-01 09:58:32,966 [DEBUG] 인터록 완료: 모든 공정 인터록 및 GUI 상태 리셋 완료
2026-07-01 09:58:35,027 [INFO] 구동 모드 변경 완료: MANUAL 모드가 활성화되었습니다.
2026-07-01 09:58:35,849 [INFO] 설비 구동 모드 변경 요청: MANUAL ?? AUTO
2026-07-01 09:58:35,850 [INFO] 모드 변경에 따른 전 공정 인터록(Force Stop) 가동
2026-07-01 09:58:35,854 [DEBUG] 인터록 완료: 모든 공정 인터록 및 GUI 상태 리셋 완료
2026-07-01 09:58:36,829 [INFO] 구동 모드 변경 완료: AUTO 모드가 활성화되었습니다.
2026-07-01 09:58:37,478 [INFO] Application 중단 감지: 안전 시퀀스(Abnormal Stop) 가동
2026-07-01 09:58:37,484 [INFO] 안전 셧다운 완료: 모든 램프 소등 및 도어 폐쇄 완료
2026-07-01 09:58:37,928 [INFO] 안전 셧다운 완료: 로봇 초기 위치 설정 및 서보 모터 종료
2026-07-01 09:58:37,940 [INFO] EtherCAT 마스터 통신 채널 정상 해제 완료
2026-07-01 09:58:50,066 [INFO] EtherCAT 마스터 연결 시도 중...
2026-07-01 09:58:51,489 [INFO] EtherCAT 마스터 연결 성공 (Connect OK)
2026-07-01 09:58:51,490 [DEBUG] EtherCAT 데이터 리드 타이머 시작 (주기: 300ms)
2026-07-01 09:58:51,492 [INFO] 장비 초기화 세팅: 모든 챔버 도어 CLOSE 명령 출력
2026-07-01 09:58:51,492 [INFO] 타워램프 상태 변경: 황색등(Yellow) ON (장비 대기)
2026-07-01 09:58:52,607 [INFO] 시스템 초기화 완료 (초기 모드: AUTO)
2026-07-01 09:58:54,470 [INFO] 설비 구동 모드 변경 요청: AUTO ?? MANUAL
2026-07-01 09:58:54,470 [INFO] 모드 변경에 따른 전 공정 인터록(Force Stop) 가동
2026-07-01 09:58:54,473 [DEBUG] 인터록 완료: 모든 공정 인터록 및 GUI 상태 리셋 완료
2026-07-01 09:58:55,615 [INFO] 구동 모드 변경 완료: MANUAL 모드가 활성화되었습니다.
2026-07-01 09:58:58,625 [INFO] 설비 구동 모드 변경 요청: MANUAL ?? AUTO
2026-07-01 09:58:58,625 [INFO] 모드 변경에 따른 전 공정 인터록(Force Stop) 가동
2026-07-01 09:58:58,627 [DEBUG] 인터록 완료: 모든 공정 인터록 및 GUI 상태 리셋 완료
2026-07-01 09:58:59,579 [INFO] 구동 모드 변경 완료: AUTO 모드가 활성화되었습니다.
2026-07-01 09:59:01,122 [INFO] 설비 구동 모드 변경 요청: AUTO ?? MANUAL
2026-07-01 09:59:01,124 [INFO] 모드 변경에 따른 전 공정 인터록(Force Stop) 가동
2026-07-01 09:59:01,126 [DEBUG] 인터록 완료: 모든 공정 인터록 및 GUI 상태 리셋 완료
2026-07-01 09:59:02,218 [INFO] 구동 모드 변경 완료: MANUAL 모드가 활성화되었습니다.
2026-07-01 09:59:03,226 [INFO] 설비 구동 모드 변경 요청: MANUAL ?? AUTO
2026-07-01 09:59:03,227 [INFO] 모드 변경에 따른 전 공정 인터록(Force Stop) 가동
2026-07-01 09:59:03,229 [DEBUG] 인터록 완료: 모든 공정 인터록 및 GUI 상태 리셋 완료
2026-07-01 09:59:03,971 [INFO] 구동 모드 변경 완료: AUTO 모드가 활성화되었습니다.
2026-07-01 09:59:06,173 [INFO] Application 중단 감지: 안전 시퀀스(Abnormal Stop) 가동
2026-07-01 09:59:06,178 [INFO] 안전 셧다운 완료: 모든 램프 소등 및 도어 폐쇄 완료
2026-07-01 09:59:06,622 [INFO] 안전 셧다운 완료: 로봇 초기 위치 설정 및 서보 모터 종료
2026-07-01 09:59:06,628 [INFO] EtherCAT 마스터 통신 채널 정상 해제 완료
2026-07-01 14:04:58,015 [INFO] EtherCAT 마스터 연결 시도 중...
2026-07-01 14:04:58,026 [INFO] EtherCAT 마스터 연결 성공 (Connect OK)
2026-07-01 14:04:58,026 [DEBUG] EtherCAT 데이터 리드 타이머 시작 (주기: 300ms)
2026-07-01 14:04:58,026 [INFO] 장비 초기화 세팅: 모든 챔버 도어 CLOSE 명령 출력
2026-07-01 14:04:58,026 [INFO] 타워램프 상태 변경: 황색등(Yellow) ON (장비 대기)
2026-07-01 14:04:59,154 [INFO] 시스템 초기화 완료 (초기 모드: AUTO)
2026-07-01 14:05:05,739 [INFO] Application 중단 감지: 안전 시퀀스(Abnormal Stop) 가동
2026-07-01 14:05:05,755 [INFO] 안전 셧다운 완료: 모든 램프 소등 및 도어 폐쇄 완료
2026-07-01 14:05:06,205 [INFO] 안전 셧다운 완료: 로봇 초기 위치 설정 및 서보 모터 종료
2026-07-01 14:05:06,207 [INFO] EtherCAT 마스터 통신 채널 정상 해제 완료
2026-07-01 14:12:26,122 [INFO] EtherCAT 마스터 연결 시도 중...
2026-07-01 14:12:27,502 [INFO] EtherCAT 마스터 연결 성공 (Connect OK)
2026-07-01 14:12:27,504 [DEBUG] EtherCAT 데이터 리드 타이머 시작 (주기: 300ms)
2026-07-01 14:12:27,504 [INFO] 장비 초기화 세팅: 모든 챔버 도어 CLOSE 명령 출력
2026-07-01 14:12:27,504 [INFO] 타워램프 상태 변경: 황색등(Yellow) ON (장비 대기)
2026-07-01 14:12:28,631 [INFO] 시스템 초기화 완료 (초기 모드: AUTO)
2026-07-01 14:13:20,325 [INFO] Application 중단 감지: 안전 시퀀스(Abnormal Stop) 가동
2026-07-01 14:13:20,331 [INFO] 안전 셧다운 완료: 모든 램프 소등 및 도어 폐쇄 완료
2026-07-01 14:13:20,766 [INFO] 안전 셧다운 완료: 로봇 초기 위치 설정 및 서보 모터 종료
2026-07-01 14:13:20,766 [INFO] EtherCAT 마스터 통신 채널 정상 해제 완료
2026-07-01 14:23:52,956 [INFO] EtherCAT 마스터 연결 시도 중...
2026-07-01 14:23:54,409 [INFO] EtherCAT 마스터 연결 성공 (Connect OK)
2026-07-01 14:23:54,409 [DEBUG] EtherCAT 데이터 리드 타이머 시작 (주기: 300ms)
2026-07-01 14:23:54,409 [INFO] 장비 초기화 세팅: 모든 챔버 도어 CLOSE 명령 출력
2026-07-01 14:23:54,409 [INFO] 타워램프 상태 변경: 황색등(Yellow) ON (장비 대기)
2026-07-01 14:23:55,535 [INFO] 시스템 초기화 완료 (초기 모드: AUTO)
2026-07-01 14:24:02,549 [INFO] Application 중단 감지: 안전 시퀀스(Abnormal Stop) 가동
2026-07-01 14:24:02,555 [INFO] 안전 셧다운 완료: 모든 램프 소등 및 도어 폐쇄 완료
2026-07-01 14:24:03,002 [INFO] 안전 셧다운 완료: 로봇 초기 위치 설정 및 서보 모터 종료
2026-07-01 14:24:03,002 [INFO] EtherCAT 마스터 통신 채널 정상 해제 완료
2026-07-01 14:25:39,382 [INFO] EtherCAT 마스터 연결 시도 중...
2026-07-01 14:25:40,818 [INFO] EtherCAT 마스터 연결 성공 (Connect OK)
2026-07-01 14:25:40,820 [DEBUG] EtherCAT 데이터 리드 타이머 시작 (주기: 300ms)
2026-07-01 14:25:40,820 [INFO] 장비 초기화 세팅: 모든 챔버 도어 CLOSE 명령 출력
2026-07-01 14:25:40,820 [INFO] 타워램프 상태 변경: 황색등(Yellow) ON (장비 대기)
2026-07-01 14:25:41,920 [INFO] 시스템 초기화 완료 (초기 모드: AUTO)
2026-07-01 14:26:38,576 [INFO] Application 중단 감지: 안전 시퀀스(Abnormal Stop) 가동
2026-07-01 14:26:38,592 [INFO] 안전 셧다운 완료: 모든 램프 소등 및 도어 폐쇄 완료
2026-07-01 14:26:39,013 [INFO] 안전 셧다운 완료: 로봇 초기 위치 설정 및 서보 모터 종료
2026-07-01 14:26:39,013 [INFO] EtherCAT 마스터 통신 채널 정상 해제 완료
2026-07-01 15:29:57,876 [DEBUG] EtherCAT 데이터 리드 타이머 시작 (주기: 300ms)
2026-07-01 15:30:40,972 [DEBUG] EtherCAT 데이터 리드 타이머 시작 (주기: 300ms)
2026-07-01 15:39:51,127 [DEBUG] EtherCAT 데이터 리드 타이머 시작 (주기: 300ms)
2026-07-01 15:40:21,473 [DEBUG] EtherCAT 데이터 리드 타이머 시작 (주기: 300ms)
2026-07-01 15:50:41,766 [DEBUG] EtherCAT 데이터 리드 타이머 시작 (주기: 300ms)
2026-07-01 15:54:34,337 [DEBUG] EtherCAT 데이터 리드 타이머 시작 (주기: 300ms)
2026-07-01 15:54:39,206 [DEBUG] 인터록 완료: 모든 공정 인터록 및 GUI 상태 리셋 완료
2026-07-01 15:54:40,998 [DEBUG] 인터록 완료: 모든 공정 인터록 및 GUI 상태 리셋 완료
2026-07-01 15:58:05,628 [DEBUG] EtherCAT 데이터 리드 타이머 시작 (주기: 300ms)
2026-07-01 15:58:08,179 [DEBUG] 인터록 완료: 모든 공정 인터록 및 GUI 상태 리셋 완료
2026-07-01 15:58:10,031 [DEBUG] 인터록 완료: 모든 공정 인터록 및 GUI 상태 리셋 완료
2026-07-01 15:59:20,664 [DEBUG] EtherCAT 데이터 리드 타이머 시작 (주기: 300ms)
2026-07-01 16:04:26,670 [DEBUG] EtherCAT 데이터 리드 타이머 시작 (주기: 300ms)
2026-07-01 16:04:29,186 [DEBUG] 인터록 완료: 모든 공정 인터록 및 GUI 상태 리셋 완료
2026-07-01 16:04:32,454 [DEBUG] 인터록 완료: 모든 공정 인터록 및 GUI 상태 리셋 완료
2026-07-01 16:04:33,925 [DEBUG] 인터록 완료: 모든 공정 인터록 및 GUI 상태 리셋 완료
2026-07-01 16:04:34,383 [DEBUG] 인터록 완료: 모든 공정 인터록 및 GUI 상태 리셋 완료
2026-07-01 16:04:35,605 [DEBUG] 인터록 완료: 모든 공정 인터록 및 GUI 상태 리셋 완료
2026-07-01 16:05:11,588 [DEBUG] EtherCAT 데이터 리드 타이머 시작 (주기: 300ms)
2026-07-01 16:05:14,045 [DEBUG] 인터록 완료: 모든 공정 인터록 및 GUI 상태 리셋 완료
2026-07-01 16:05:16,566 [DEBUG] 인터록 완료: 모든 공정 인터록 및 GUI 상태 리셋 완료
2026-07-01 16:05:16,723 [DEBUG] 인터록 완료: 모든 공정 인터록 및 GUI 상태 리셋 완료
2026-07-01 16:08:28,912 [DEBUG] EtherCAT 데이터 리드 타이머 시작 (주기: 300ms)
2026-07-01 16:08:31,133 [DEBUG] 인터록 완료: 모든 공정 인터록 및 GUI 상태 리셋 완료
2026-07-01 16:08:32,170 [DEBUG] 인터록 완료: 모든 공정 인터록 및 GUI 상태 리셋 완료
2026-07-01 16:08:58,521 [DEBUG] EtherCAT 데이터 리드 타이머 시작 (주기: 300ms)
2026-07-01 16:09:00,949 [DEBUG] 인터록 완료: 모든 공정 인터록 및 GUI 상태 리셋 완료
2026-07-01 16:09:44,525 [DEBUG] EtherCAT 데이터 리드 타이머 시작 (주기: 300ms)
2026-07-01 16:36:04,408 [DEBUG] EtherCAT 데이터 리드 타이머 시작 (주기: 300ms)
2026-07-01 16:36:07,983 [DEBUG] 인터록 완료: 모든 공정 인터록 및 GUI 상태 리셋 완료
2026-07-01 16:36:54,327 [DEBUG] EtherCAT 데이터 리드 타이머 시작 (주기: 300ms)
2026-07-01 16:36:57,130 [DEBUG] 인터록 완료: 모든 공정 인터록 및 GUI 상태 리셋 완료
2026-07-01 16:38:19,899 [DEBUG] EtherCAT 데이터 리드 타이머 시작 (주기: 300ms)
2026-07-01 16:38:27,033 [DEBUG] 인터록 완료: 모든 공정 인터록 및 GUI 상태 리셋 완료
2026-07-01 16:40:41,514 [DEBUG] EtherCAT 데이터 리드 타이머 시작 (주기: 300ms)
2026-07-01 16:40:44,269 [DEBUG] 인터록 완료: 모든 공정 인터록 및 GUI 상태 리셋 완료
2026-07-01 16:43:00,635 [DEBUG] EtherCAT 데이터 리드 타이머 시작 (주기: 300ms)
2026-07-01 16:43:05,058 [DEBUG] 인터록 완료: 모든 공정 인터록 및 GUI 상태 리셋 완료
2026-07-01 16:43:34,396 [DEBUG] EtherCAT 데이터 리드 타이머 시작 (주기: 300ms)
2026-07-01 16:43:37,279 [DEBUG] 인터록 완료: 모든 공정 인터록 및 GUI 상태 리셋 완료
2026-07-01 16:44:19,043 [DEBUG] EtherCAT 데이터 리드 타이머 시작 (주기: 300ms)
2026-07-01 16:44:21,425 [DEBUG] 인터록 완료: 모든 공정 인터록 및 GUI 상태 리셋 완료
2026-07-01 16:45:32,733 [DEBUG] EtherCAT 데이터 리드 타이머 시작 (주기: 300ms)
2026-07-01 16:45:35,612 [DEBUG] 인터록 완료: 모든 공정 인터록 및 GUI 상태 리셋 완료
2026-07-01 16:46:21,368 [DEBUG] EtherCAT 데이터 리드 타이머 시작 (주기: 300ms)
2026-07-01 16:46:24,942 [DEBUG] 인터록 완료: 모든 공정 인터록 및 GUI 상태 리셋 완료
2026-07-01 16:47:37,383 [DEBUG] 인터록 완료: 모든 공정 인터록 및 GUI 상태 리셋 완료
2026-07-01 16:47:38,358 [DEBUG] 인터록 완료: 모든 공정 인터록 및 GUI 상태 리셋 완료
2026-07-01 16:53:05,734 [DEBUG] EtherCAT 데이터 리드 타이머 시작 (주기: 300ms)
2026-07-01 16:53:08,211 [DEBUG] 인터록 완료: 모든 공정 인터록 및 GUI 상태 리셋 완료
2026-07-01 16:55:45,978 [DEBUG] EtherCAT 데이터 리드 타이머 시작 (주기: 300ms)
2026-07-01 16:56:27,205 [DEBUG] EtherCAT 데이터 리드 타이머 시작 (주기: 300ms)
2026-07-01 16:56:30,119 [DEBUG] 인터록 완료: 모든 공정 인터록 및 GUI 상태 리셋 완료
2026-07-01 16:57:20,744 [DEBUG] EtherCAT 데이터 리드 타이머 시작 (주기: 300ms)
2026-07-01 16:57:23,467 [DEBUG] 인터록 완료: 모든 공정 인터록 및 GUI 상태 리셋 완료
2026-07-01 16:59:29,582 [DEBUG] EtherCAT 데이터 리드 타이머 시작 (주기: 300ms)
2026-07-01 16:59:32,123 [DEBUG] 인터록 완료: 모든 공정 인터록 및 GUI 상태 리셋 완료
2026-07-01 17:00:14,958 [DEBUG] EtherCAT 데이터 리드 타이머 시작 (주기: 300ms)
2026-07-01 17:00:17,525 [DEBUG] 인터록 완료: 모든 공정 인터록 및 GUI 상태 리셋 완료
2026-07-01 17:04:27,067 [DEBUG] EtherCAT 데이터 리드 타이머 시작 (주기: 300ms)
2026-07-01 17:04:29,667 [DEBUG] 인터록 완료: 모든 공정 인터록 및 GUI 상태 리셋 완료
2026-07-01 17:05:13,347 [DEBUG] EtherCAT 데이터 리드 타이머 시작 (주기: 300ms)
2026-07-01 17:05:17,777 [DEBUG] 인터록 완료: 모든 공정 인터록 및 GUI 상태 리셋 완료
2026-07-01 17:06:39,110 [DEBUG] EtherCAT 데이터 리드 타이머 시작 (주기: 300ms)
2026-07-01 17:06:41,380 [DEBUG] 인터록 완료: 모든 공정 인터록 및 GUI 상태 리셋 완료
2026-07-01 17:07:58,081 [DEBUG] EtherCAT 데이터 리드 타이머 시작 (주기: 300ms)
2026-07-01 17:08:04,154 [DEBUG] 인터록 완료: 모든 공정 인터록 및 GUI 상태 리셋 완료
2026-07-01 17:09:46,328 [DEBUG] EtherCAT 데이터 리드 타이머 시작 (주기: 300ms)
2026-07-01 17:09:50,773 [DEBUG] 인터록 완료: 모든 공정 인터록 및 GUI 상태 리셋 완료
2026-07-01 17:11:29,165 [DEBUG] EtherCAT 데이터 리드 타이머 시작 (주기: 300ms)
2026-07-01 17:11:33,024 [DEBUG] 인터록 완료: 모든 공정 인터록 및 GUI 상태 리셋 완료
2026-07-01 17:13:06,589 [DEBUG] EtherCAT 데이터 리드 타이머 시작 (주기: 300ms)
2026-07-01 17:13:09,287 [DEBUG] 인터록 완료: 모든 공정 인터록 및 GUI 상태 리셋 완료
2026-07-01 17:14:20,171 [DEBUG] EtherCAT 데이터 리드 타이머 시작 (주기: 300ms)
2026-07-01 17:14:23,223 [DEBUG] 인터록 완료: 모든 공정 인터록 및 GUI 상태 리셋 완료
2026-07-01 17:16:39,270 [DEBUG] EtherCAT 데이터 리드 타이머 시작 (주기: 300ms)
2026-07-01 17:16:41,757 [DEBUG] 인터록 완료: 모든 공정 인터록 및 GUI 상태 리셋 완료
2026-07-01 17:21:58,352 [DEBUG] EtherCAT 데이터 리드 타이머 시작 (주기: 300ms)
2026-07-01 17:22:01,518 [DEBUG] 인터록 완료: 모든 공정 인터록 및 GUI 상태 리셋 완료
2026-07-01 17:22:55,400 [DEBUG] EtherCAT 데이터 리드 타이머 시작 (주기: 300ms)
2026-07-01 17:22:57,806 [DEBUG] 인터록 완료: 모든 공정 인터록 및 GUI 상태 리셋 완료
2026-07-01 17:23:29,609 [DEBUG] EtherCAT 데이터 리드 타이머 시작 (주기: 300ms)
2026-07-01 17:27:40,698 [DEBUG] EtherCAT 데이터 리드 타이머 시작 (주기: 300ms)
2026-07-01 17:27:43,504 [DEBUG] 인터록 완료: 모든 공정 인터록 및 GUI 상태 리셋 완료
2026-07-01 18:23:55,634 [DEBUG] EtherCAT 데이터 리드 타이머 시작 (주기: 300ms)
2026-07-01 18:23:58,411 [DEBUG] 인터록 완료: 모든 공정 인터록 및 GUI 상태 리셋 완료
2026-07-01 23:18:42,430 [ERROR] EtherCAT 연결 처리 중 예외 발생: 
