2026-07-03 15:25:11,166 [DEBUG] EtherCAT 데이터 리드 타이머 시작 (주기: 300ms)
2026-07-03 15:25:14,028 [DEBUG] 인터록 완료: 모든 공정 인터록 및 GUI 상태 리셋 완료
2026-07-03 15:25:14,957 [DEBUG] 인터록 완료: 모든 공정 인터록 및 GUI 상태 리셋 완료
2026-07-03 15:25:16,425 [DEBUG] 인터록 완료: 모든 공정 인터록 및 GUI 상태 리셋 완료
2026-07-03 15:25:17,164 [DEBUG] 인터록 완료: 모든 공정 인터록 및 GUI 상태 리셋 완료
2026-07-03 15:25:19,787 [DEBUG] 인터록 완료: 모든 공정 인터록 및 GUI 상태 리셋 완료
2026-07-03 15:25:20,574 [DEBUG] 인터록 완료: 모든 공정 인터록 및 GUI 상태 리셋 완료
2026-07-03 15:25:21,154 [DEBUG] 인터록 완료: 모든 공정 인터록 및 GUI 상태 리셋 완료
2026-07-03 15:25:21,792 [DEBUG] 인터록 완료: 모든 공정 인터록 및 GUI 상태 리셋 완료
2026-07-03 15:25:27,430 [DEBUG] 인터록 완료: 모든 공정 인터록 및 GUI 상태 리셋 완료
2026-07-03 15:25:28,388 [DEBUG] 인터록 완료: 모든 공정 인터록 및 GUI 상태 리셋 완료
2026-07-03 15:25:35,210 [DEBUG] 인터록 완료: 모든 공정 인터록 및 GUI 상태 리셋 완료
2026-07-03 15:25:36,145 [DEBUG] 인터록 완료: 모든 공정 인터록 및 GUI 상태 리셋 완료
2026-07-03 15:25:36,564 [DEBUG] 인터록 완료: 모든 공정 인터록 및 GUI 상태 리셋 완료
2026-07-03 15:25:37,000 [DEBUG] 인터록 완료: 모든 공정 인터록 및 GUI 상태 리셋 완료
2026-07-03 15:25:37,332 [DEBUG] 인터록 완료: 모든 공정 인터록 및 GUI 상태 리셋 완료
2026-07-03 15:25:37,817 [DEBUG] 인터록 완료: 모든 공정 인터록 및 GUI 상태 리셋 완료
2026-07-03 15:25:38,121 [DEBUG] 인터록 완료: 모든 공정 인터록 및 GUI 상태 리셋 완료
2026-07-03 15:25:38,669 [DEBUG] 인터록 완료: 모든 공정 인터록 및 GUI 상태 리셋 완료
2026-07-03 15:25:41,167 [DEBUG] 인터록 완료: 모든 공정 인터록 및 GUI 상태 리셋 완료
2026-07-03 15:25:41,499 [DEBUG] 인터록 완료: 모든 공정 인터록 및 GUI 상태 리셋 완료
2026-07-03 15:25:41,877 [DEBUG] 인터록 완료: 모든 공정 인터록 및 GUI 상태 리셋 완료
2026-07-03 15:25:42,383 [DEBUG] 인터록 완료: 모든 공정 인터록 및 GUI 상태 리셋 완료
2026-07-03 15:25:42,770 [DEBUG] 인터록 완료: 모든 공정 인터록 및 GUI 상태 리셋 완료
2026-07-03 15:25:43,139 [DEBUG] 인터록 완료: 모든 공정 인터록 및 GUI 상태 리셋 완료
2026-07-03 15:25:43,497 [DEBUG] 인터록 완료: 모든 공정 인터록 및 GUI 상태 리셋 완료
2026-07-03 15:26:03,185 [DEBUG] 인터록 완료: 모든 공정 인터록 및 GUI 상태 리셋 완료
2026-07-03 15:26:04,100 [DEBUG] 인터록 완료: 모든 공정 인터록 및 GUI 상태 리셋 완료
2026-07-03 15:26:04,528 [DEBUG] 인터록 완료: 모든 공정 인터록 및 GUI 상태 리셋 완료
2026-07-03 15:42:58,041 [DEBUG] EtherCAT 데이터 리드 타이머 시작 (주기: 300ms)
2026-07-03 15:57:31,381 [DEBUG] EtherCAT 데이터 리드 타이머 시작 (주기: 300ms)
2026-07-03 15:57:42,133 [DEBUG] 인터록 완료: 모든 공정 인터록 및 GUI 상태 리셋 완료
2026-07-03 15:57:42,678 [DEBUG] 인터록 완료: 모든 공정 인터록 및 GUI 상태 리셋 완료
2026-07-03 15:58:24,227 [DEBUG] EtherCAT 데이터 리드 타이머 시작 (주기: 300ms)
2026-07-03 15:58:55,890 [DEBUG] EtherCAT 데이터 리드 타이머 시작 (주기: 300ms)
2026-07-03 15:58:59,632 [DEBUG] 인터록 완료: 모든 공정 인터록 및 GUI 상태 리셋 완료
2026-07-03 16:00:59,946 [DEBUG] EtherCAT 데이터 리드 타이머 시작 (주기: 300ms)
2026-07-03 16:01:04,749 [DEBUG] 인터록 완료: 모든 공정 인터록 및 GUI 상태 리셋 완료
2026-07-03 16:01:05,786 [DEBUG] 인터록 완료: 모든 공정 인터록 및 GUI 상태 리셋 완료
2026-07-03 16:01:08,266 [DEBUG] 인터록 완료: 모든 공정 인터록 및 GUI 상태 리셋 완료
2026-07-03 16:01:08,710 [DEBUG] 인터록 완료: 모든 공정 인터록 및 GUI 상태 리셋 완료
2026-07-03 16:01:09,995 [DEBUG] 인터록 완료: 모든 공정 인터록 및 GUI 상태 리셋 완료
2026-07-03 16:04:18,494 [DEBUG] EtherCAT 데이터 리드 타이머 시작 (주기: 300ms)
2026-07-03 16:06:00,101 [DEBUG] EtherCAT 데이터 리드 타이머 시작 (주기: 300ms)
2026-07-03 16:06:17,384 [DEBUG] 인터록 완료: 모든 공정 인터록 및 GUI 상태 리셋 완료
2026-07-03 16:06:18,354 [DEBUG] 인터록 완료: 모든 공정 인터록 및 GUI 상태 리셋 완료
2026-07-03 16:06:19,102 [DEBUG] 인터록 완료: 모든 공정 인터록 및 GUI 상태 리셋 완료
2026-07-03 16:06:20,737 [DEBUG] 인터록 완료: 모든 공정 인터록 및 GUI 상태 리셋 완료
2026-07-03 16:06:27,864 [DEBUG] 인터록 완료: 모든 공정 인터록 및 GUI 상태 리셋 완료
2026-07-03 16:06:28,478 [DEBUG] 인터록 완료: 모든 공정 인터록 및 GUI 상태 리셋 완료
2026-07-03 16:06:28,873 [DEBUG] 인터록 완료: 모든 공정 인터록 및 GUI 상태 리셋 완료
2026-07-03 16:06:29,248 [DEBUG] 인터록 완료: 모든 공정 인터록 및 GUI 상태 리셋 완료
2026-07-03 16:06:29,661 [DEBUG] 인터록 완료: 모든 공정 인터록 및 GUI 상태 리셋 완료
2026-07-03 16:06:30,153 [DEBUG] 인터록 완료: 모든 공정 인터록 및 GUI 상태 리셋 완료
2026-07-03 16:06:37,892 [DEBUG] 인터록 완료: 모든 공정 인터록 및 GUI 상태 리셋 완료
2026-07-03 16:06:53,410 [DEBUG] 인터록 완료: 모든 공정 인터록 및 GUI 상태 리셋 완료
2026-07-03 16:06:53,626 [DEBUG] 인터록 완료: 모든 공정 인터록 및 GUI 상태 리셋 완료
2026-07-03 16:06:54,657 [DEBUG] 인터록 완료: 모든 공정 인터록 및 GUI 상태 리셋 완료
2026-07-03 16:06:55,370 [DEBUG] 인터록 완료: 모든 공정 인터록 및 GUI 상태 리셋 완료
2026-07-03 16:07:51,643 [DEBUG] EtherCAT 데이터 리드 타이머 시작 (주기: 300ms)
2026-07-03 16:23:02,999 [DEBUG] EtherCAT 데이터 리드 타이머 시작 (주기: 300ms)
2026-07-03 16:23:05,563 [DEBUG] 인터록 완료: 모든 공정 인터록 및 GUI 상태 리셋 완료
2026-07-03 16:23:07,924 [DEBUG] 인터록 완료: 모든 공정 인터록 및 GUI 상태 리셋 완료
2026-07-03 16:23:09,742 [DEBUG] 인터록 완료: 모든 공정 인터록 및 GUI 상태 리셋 완료
2026-07-03 16:23:10,276 [DEBUG] 인터록 완료: 모든 공정 인터록 및 GUI 상태 리셋 완료
2026-07-03 16:23:10,715 [DEBUG] 인터록 완료: 모든 공정 인터록 및 GUI 상태 리셋 완료
2026-07-03 16:23:12,154 [DEBUG] 인터록 완료: 모든 공정 인터록 및 GUI 상태 리셋 완료
2026-07-03 16:23:12,769 [DEBUG] 인터록 완료: 모든 공정 인터록 및 GUI 상태 리셋 완료
2026-07-03 16:23:13,479 [DEBUG] 인터록 완료: 모든 공정 인터록 및 GUI 상태 리셋 완료
2026-07-03 16:34:58,526 [DEBUG] EtherCAT 데이터 리드 타이머 시작 (주기: 300ms)
2026-07-03 16:41:39,487 [DEBUG] EtherCAT 데이터 리드 타이머 시작 (주기: 300ms)
2026-07-03 16:41:59,347 [DEBUG] 인터록 완료: 모든 공정 인터록 및 GUI 상태 리셋 완료
2026-07-03 17:17:06,081 [DEBUG] EtherCAT 데이터 리드 타이머 시작 (주기: 300ms)
2026-07-03 17:17:10,621 [DEBUG] 인터록 완료: 모든 공정 인터록 및 GUI 상태 리셋 완료
2026-07-03 17:17:11,185 [DEBUG] 인터록 완료: 모든 공정 인터록 및 GUI 상태 리셋 완료
2026-07-03 17:17:12,650 [DEBUG] 인터록 완료: 모든 공정 인터록 및 GUI 상태 리셋 완료
2026-07-03 17:17:13,781 [DEBUG] 인터록 완료: 모든 공정 인터록 및 GUI 상태 리셋 완료
2026-07-03 17:17:14,622 [DEBUG] 인터록 완료: 모든 공정 인터록 및 GUI 상태 리셋 완료
2026-07-03 17:17:19,783 [DEBUG] 인터록 완료: 모든 공정 인터록 및 GUI 상태 리셋 완료
2026-07-03 17:17:20,961 [DEBUG] 인터록 완료: 모든 공정 인터록 및 GUI 상태 리셋 완료
2026-07-03 17:17:26,665 [DEBUG] 인터록 완료: 모든 공정 인터록 및 GUI 상태 리셋 완료
2026-07-03 17:19:33,197 [DEBUG] 인터록 완료: 모든 공정 인터록 및 GUI 상태 리셋 완료
2026-07-03 17:19:34,128 [DEBUG] 인터록 완료: 모든 공정 인터록 및 GUI 상태 리셋 완료
2026-07-03 17:19:34,691 [DEBUG] 인터록 완료: 모든 공정 인터록 및 GUI 상태 리셋 완료
2026-07-03 17:19:35,012 [DEBUG] 인터록 완료: 모든 공정 인터록 및 GUI 상태 리셋 완료
2026-07-03 17:19:35,290 [DEBUG] 인터록 완료: 모든 공정 인터록 및 GUI 상태 리셋 완료
2026-07-03 17:24:35,271 [DEBUG] 인터록 완료: 모든 공정 인터록 및 GUI 상태 리셋 완료
2026-07-03 17:24:36,389 [DEBUG] 인터록 완료: 모든 공정 인터록 및 GUI 상태 리셋 완료
2026-07-03 17:24:36,880 [DEBUG] 인터록 완료: 모든 공정 인터록 및 GUI 상태 리셋 완료
2026-07-03 17:24:38,200 [DEBUG] 인터록 완료: 모든 공정 인터록 및 GUI 상태 리셋 완료
2026-07-03 17:24:38,446 [DEBUG] 인터록 완료: 모든 공정 인터록 및 GUI 상태 리셋 완료
2026-07-03 17:24:39,606 [DEBUG] 인터록 완료: 모든 공정 인터록 및 GUI 상태 리셋 완료
2026-07-03 17:24:40,402 [DEBUG] 인터록 완료: 모든 공정 인터록 및 GUI 상태 리셋 완료
2026-07-03 17:24:41,450 [DEBUG] 인터록 완료: 모든 공정 인터록 및 GUI 상태 리셋 완료
2026-07-03 17:24:47,058 [DEBUG] 인터록 완료: 모든 공정 인터록 및 GUI 상태 리셋 완료
2026-07-03 17:57:31,999 [DEBUG] EtherCAT 데이터 리드 타이머 시작 (주기: 300ms)
2026-07-03 17:57:38,917 [DEBUG] 인터록 완료: 모든 공정 인터록 및 GUI 상태 리셋 완료
2026-07-03 17:59:54,253 [DEBUG] EtherCAT 데이터 리드 타이머 시작 (주기: 300ms)
2026-07-03 17:59:58,978 [DEBUG] 인터록 완료: 모든 공정 인터록 및 GUI 상태 리셋 완료
2026-07-03 17:59:59,475 [DEBUG] 인터록 완료: 모든 공정 인터록 및 GUI 상태 리셋 완료
2026-07-03 18:00:00,745 [DEBUG] 인터록 완료: 모든 공정 인터록 및 GUI 상태 리셋 완료
2026-07-03 18:00:01,260 [DEBUG] 인터록 완료: 모든 공정 인터록 및 GUI 상태 리셋 완료
2026-07-03 18:27:49,839 [DEBUG] EtherCAT 데이터 리드 타이머 시작 (주기: 300ms)
2026-07-03 18:29:53,889 [DEBUG] EtherCAT 데이터 리드 타이머 시작 (주기: 300ms)
2026-07-03 18:48:43,377 [DEBUG] EtherCAT 데이터 리드 타이머 시작 (주기: 300ms)
2026-07-03 18:50:22,375 [DEBUG] EtherCAT 데이터 리드 타이머 시작 (주기: 300ms)
2026-07-03 18:50:50,888 [DEBUG] 인터록 완료: 모든 공정 인터록 및 GUI 상태 리셋 완료
2026-07-03 18:50:52,567 [DEBUG] 인터록 완료: 모든 공정 인터록 및 GUI 상태 리셋 완료
2026-07-03 18:50:54,412 [DEBUG] 인터록 완료: 모든 공정 인터록 및 GUI 상태 리셋 완료
2026-07-03 18:50:55,046 [DEBUG] 인터록 완료: 모든 공정 인터록 및 GUI 상태 리셋 완료
2026-07-03 18:52:52,370 [DEBUG] EtherCAT 데이터 리드 타이머 시작 (주기: 300ms)
2026-07-03 18:59:13,750 [DEBUG] EtherCAT 데이터 리드 타이머 시작 (주기: 300ms)
2026-07-03 19:12:35,346 [DEBUG] EtherCAT 데이터 리드 타이머 시작 (주기: 300ms)
2026-07-03 19:12:44,100 [DEBUG] 인터록 완료: 모든 공정 인터록 및 GUI 상태 리셋 완료
2026-07-03 19:12:44,726 [DEBUG] 인터록 완료: 모든 공정 인터록 및 GUI 상태 리셋 완료
2026-07-03 19:15:36,144 [DEBUG] EtherCAT 데이터 리드 타이머 시작 (주기: 300ms)
2026-07-03 19:15:44,259 [DEBUG] 인터록 완료: 모든 공정 인터록 및 GUI 상태 리셋 완료
2026-07-03 19:15:44,753 [DEBUG] 인터록 완료: 모든 공정 인터록 및 GUI 상태 리셋 완료
2026-07-03 19:15:45,200 [DEBUG] 인터록 완료: 모든 공정 인터록 및 GUI 상태 리셋 완료
2026-07-03 19:15:45,476 [DEBUG] 인터록 완료: 모든 공정 인터록 및 GUI 상태 리셋 완료
2026-07-03 19:15:45,886 [DEBUG] 인터록 완료: 모든 공정 인터록 및 GUI 상태 리셋 완료
2026-07-03 19:15:46,619 [DEBUG] 인터록 완료: 모든 공정 인터록 및 GUI 상태 리셋 완료
2026-07-03 19:15:46,948 [DEBUG] 인터록 완료: 모든 공정 인터록 및 GUI 상태 리셋 완료
2026-07-03 19:15:47,129 [DEBUG] 인터록 완료: 모든 공정 인터록 및 GUI 상태 리셋 완료
2026-07-03 19:15:47,560 [DEBUG] 인터록 완료: 모든 공정 인터록 및 GUI 상태 리셋 완료
2026-07-03 19:16:10,333 [DEBUG] 인터록 완료: 모든 공정 인터록 및 GUI 상태 리셋 완료
2026-07-03 19:16:12,865 [DEBUG] 인터록 완료: 모든 공정 인터록 및 GUI 상태 리셋 완료
2026-07-03 19:16:15,629 [DEBUG] 인터록 완료: 모든 공정 인터록 및 GUI 상태 리셋 완료
2026-07-03 19:16:16,696 [DEBUG] 인터록 완료: 모든 공정 인터록 및 GUI 상태 리셋 완료
2026-07-03 19:16:54,521 [DEBUG] EtherCAT 데이터 리드 타이머 시작 (주기: 300ms)
2026-07-03 19:17:21,992 [DEBUG] EtherCAT 데이터 리드 타이머 시작 (주기: 300ms)
2026-07-03 19:17:37,166 [DEBUG] EtherCAT 데이터 리드 타이머 시작 (주기: 300ms)
2026-07-03 19:18:00,124 [DEBUG] EtherCAT 데이터 리드 타이머 시작 (주기: 300ms)
2026-07-03 19:18:08,082 [DEBUG] 인터록 완료: 모든 공정 인터록 및 GUI 상태 리셋 완료
2026-07-03 19:18:09,504 [DEBUG] 인터록 완료: 모든 공정 인터록 및 GUI 상태 리셋 완료
2026-07-03 19:18:36,817 [DEBUG] EtherCAT 데이터 리드 타이머 시작 (주기: 300ms)
2026-07-03 19:19:57,222 [DEBUG] EtherCAT 데이터 리드 타이머 시작 (주기: 300ms)
2026-07-03 19:20:16,546 [DEBUG] 인터록 완료: 모든 공정 인터록 및 GUI 상태 리셋 완료
2026-07-03 19:20:19,251 [DEBUG] 인터록 완료: 모든 공정 인터록 및 GUI 상태 리셋 완료
2026-07-03 19:20:19,907 [DEBUG] 인터록 완료: 모든 공정 인터록 및 GUI 상태 리셋 완료
2026-07-03 19:20:20,788 [DEBUG] 인터록 완료: 모든 공정 인터록 및 GUI 상태 리셋 완료
2026-07-03 19:24:55,668 [DEBUG] 인터록 완료: 모든 공정 인터록 및 GUI 상태 리셋 완료
2026-07-03 19:24:56,746 [DEBUG] 인터록 완료: 모든 공정 인터록 및 GUI 상태 리셋 완료
2026-07-03 19:24:57,490 [DEBUG] 인터록 완료: 모든 공정 인터록 및 GUI 상태 리셋 완료
2026-07-03 19:24:57,843 [DEBUG] 인터록 완료: 모든 공정 인터록 및 GUI 상태 리셋 완료
2026-07-03 20:06:23,451 [DEBUG] EtherCAT 데이터 리드 타이머 시작 (주기: 300ms)
2026-07-03 20:09:07,931 [DEBUG] 인터록 완료: 모든 공정 인터록 및 GUI 상태 리셋 완료
2026-07-03 20:09:19,402 [DEBUG] 인터록 완료: 모든 공정 인터록 및 GUI 상태 리셋 완료
2026-07-03 20:09:23,303 [DEBUG] 인터록 완료: 모든 공정 인터록 및 GUI 상태 리셋 완료
2026-07-03 20:19:23,176 [INFO] EtherCAT 마스터 연결 시도 중...
2026-07-03 20:19:28,184 [INFO] EtherCAT 마스터 연결 성공 (Connect OK)
2026-07-03 20:19:28,185 [DEBUG] EtherCAT 데이터 리드 타이머 시작 (주기: 300ms)
2026-07-03 20:19:28,187 [INFO] 장비 초기화 세팅: 모든 챔버 도어 CLOSE 명령 출력
2026-07-03 20:19:28,187 [INFO] 타워램프 상태 변경: 황색등(Yellow) ON (장비 대기)
2026-07-03 20:19:29,279 [INFO] 시스템 초기화 완료 (초기 모드: AUTO)
2026-07-03 20:19:41,018 [INFO] 로그인: voliti
2026-07-03 20:19:42,921 [INFO] 모드 변경에 따른 전 공정 인터록(Force Stop) 가동
2026-07-03 20:19:42,923 [DEBUG] 인터록 완료: 모든 공정 인터록 및 GUI 상태 리셋 완료
2026-07-03 20:19:47,066 [WARN] Random alarm: Process timeout detected
2026-07-03 20:19:48,109 [WARN] Random alarm: Door interlock error
2026-07-03 20:19:48,679 [WARN] Random alarm: Process timeout detected
2026-07-03 20:19:49,050 [WARN] Random alarm: EtherCAT communication warning
2026-07-03 20:19:49,562 [WARN] Random alarm: Chamber pressure warning
2026-07-03 20:19:50,039 [WARN] Random alarm: Robot axis position error
2026-07-03 20:21:11,806 [INFO] Application 중단 감지: 안전 시퀀스(Abnormal Stop) 가동
2026-07-03 20:21:11,810 [INFO] 안전 셧다운 완료: 모든 램프 소등 및 도어 폐쇄 완료
2026-07-03 20:21:12,238 [INFO] 안전 셧다운 완료: 로봇 초기 위치 설정 및 서보 모터 종료
2026-07-03 20:21:12,239 [INFO] EtherCAT 마스터 통신 채널 정상 해제 완료
